[20-Oct-2025 14:35:29 UTC] getCategories error: SQLSTATE[42S02]: Base table or view not found: 1146 Table 'cadetportal.image_categories' doesn't exist
[20-Oct-2025 14:37:44 UTC] getCategories error: SQLSTATE[42S02]: Base table or view not found: 1146 Table 'cadetportal.image_categories' doesn't exist
[20-Oct-2025 15:15:13 UTC] PHP Fatal error:  Uncaught Error: Class "finfo" not found in C:\xampp\htdocs\cadetportal\admin\api.php:196
Stack trace:
#0 C:\xampp\htdocs\cadetportal\admin\api.php(84): handleUploadImage(Object(PDO))
#1 {main}
  thrown in C:\xampp\htdocs\cadetportal\admin\api.php on line 196
[20-Oct-2025 15:15:32 UTC] PHP Fatal error:  Uncaught Error: Class "finfo" not found in C:\xampp\htdocs\cadetportal\admin\api.php:196
Stack trace:
#0 C:\xampp\htdocs\cadetportal\admin\api.php(84): handleUploadImage(Object(PDO))
#1 {main}
  thrown in C:\xampp\htdocs\cadetportal\admin\api.php on line 196
[20-Oct-2025 15:15:40 UTC] PHP Fatal error:  Uncaught Error: Class "finfo" not found in C:\xampp\htdocs\cadetportal\admin\api.php:196
Stack trace:
#0 C:\xampp\htdocs\cadetportal\admin\api.php(84): handleUploadImage(Object(PDO))
#1 {main}
  thrown in C:\xampp\htdocs\cadetportal\admin\api.php on line 196
[20-Oct-2025 15:16:04 UTC] PHP Fatal error:  Uncaught Error: Class "finfo" not found in C:\xampp\htdocs\cadetportal\admin\api.php:196
Stack trace:
#0 C:\xampp\htdocs\cadetportal\admin\api.php(84): handleUploadImage(Object(PDO))
#1 {main}
  thrown in C:\xampp\htdocs\cadetportal\admin\api.php on line 196
[20-Oct-2025 15:18:03 UTC] PHP Fatal error:  Uncaught Error: Class "finfo" not found in C:\xampp\htdocs\cadetportal\admin\api.php:196
Stack trace:
#0 C:\xampp\htdocs\cadetportal\admin\api.php(84): handleUploadImage(Object(PDO))
#1 {main}
  thrown in C:\xampp\htdocs\cadetportal\admin\api.php on line 196
[20-Oct-2025 15:18:29 UTC] PHP Fatal error:  Uncaught Error: Class "finfo" not found in C:\xampp\htdocs\cadetportal\admin\api.php:196
Stack trace:
#0 C:\xampp\htdocs\cadetportal\admin\api.php(84): handleUploadImage(Object(PDO))
#1 {main}
  thrown in C:\xampp\htdocs\cadetportal\admin\api.php on line 196
[20-Oct-2025 15:18:49 UTC] PHP Fatal error:  Uncaught Error: Class "finfo" not found in C:\xampp\htdocs\cadetportal\admin\api.php:196
Stack trace:
#0 C:\xampp\htdocs\cadetportal\admin\api.php(84): handleUploadImage(Object(PDO))
#1 {main}
  thrown in C:\xampp\htdocs\cadetportal\admin\api.php on line 196
[20-Oct-2025 15:18:56 UTC] PHP Fatal error:  Uncaught Error: Class "finfo" not found in C:\xampp\htdocs\cadetportal\admin\api.php:196
Stack trace:
#0 C:\xampp\htdocs\cadetportal\admin\api.php(84): handleUploadImage(Object(PDO))
#1 {main}
  thrown in C:\xampp\htdocs\cadetportal\admin\api.php on line 196
[20-Oct-2025 15:18:59 UTC] PHP Fatal error:  Uncaught Error: Class "finfo" not found in C:\xampp\htdocs\cadetportal\admin\api.php:196
Stack trace:
#0 C:\xampp\htdocs\cadetportal\admin\api.php(84): handleUploadImage(Object(PDO))
#1 {main}
  thrown in C:\xampp\htdocs\cadetportal\admin\api.php on line 196
[20-Oct-2025 15:19:02 UTC] PHP Fatal error:  Uncaught Error: Class "finfo" not found in C:\xampp\htdocs\cadetportal\admin\api.php:196
Stack trace:
#0 C:\xampp\htdocs\cadetportal\admin\api.php(84): handleUploadImage(Object(PDO))
#1 {main}
  thrown in C:\xampp\htdocs\cadetportal\admin\api.php on line 196
[20-Oct-2025 15:19:03 UTC] PHP Fatal error:  Uncaught Error: Class "finfo" not found in C:\xampp\htdocs\cadetportal\admin\api.php:196
Stack trace:
#0 C:\xampp\htdocs\cadetportal\admin\api.php(84): handleUploadImage(Object(PDO))
#1 {main}
  thrown in C:\xampp\htdocs\cadetportal\admin\api.php on line 196
[20-Oct-2025 15:19:07 UTC] PHP Fatal error:  Uncaught Error: Class "finfo" not found in C:\xampp\htdocs\cadetportal\admin\api.php:196
Stack trace:
#0 C:\xampp\htdocs\cadetportal\admin\api.php(84): handleUploadImage(Object(PDO))
#1 {main}
  thrown in C:\xampp\htdocs\cadetportal\admin\api.php on line 196
[20-Oct-2025 15:19:59 UTC] PHP Fatal error:  Uncaught Error: Class "finfo" not found in C:\xampp\htdocs\cadetportal\admin\api.php:196
Stack trace:
#0 C:\xampp\htdocs\cadetportal\admin\api.php(84): handleUploadImage(Object(PDO))
#1 {main}
  thrown in C:\xampp\htdocs\cadetportal\admin\api.php on line 196
[20-Oct-2025 15:24:31 UTC] PHP Fatal error:  Uncaught Error: Class "finfo" not found in C:\xampp\htdocs\cadetportal\admin\api.php:196
Stack trace:
#0 C:\xampp\htdocs\cadetportal\admin\api.php(84): handleUploadImage(Object(PDO))
#1 {main}
  thrown in C:\xampp\htdocs\cadetportal\admin\api.php on line 196
